

user@user-PC MINGW32 /e/BaiduNetdiskDownload/_git&&github/oa (master)
$ git config --global user.name "cherishDHL"


user@user-PC MINGW32 /e/BaiduNetdiskDownload/_git&&github/oa (master)
$

user@user-PC MINGW32 /e/BaiduNetdiskDownload/_git&&github/oa (master)
$ git config --global user.email "cherish_DHL@126.com"

user@user-PC MINGW32 /e/BaiduNetdiskDownload/_git&&github/oa (master)
$

user@user-PC MINGW32 /e/BaiduNetdiskDownload/_git&&github/oa
$ git init     初始化git本地仓库
Initialized empty Git repository in E:/BaiduNetdiskDownload/_git&&git       hub/oa/.git/

user@user-PC MINGW32 /e/BaiduNetdiskDownload/_git&&github/oa        (master)
$ touch a.txt     创建一个文件

user@user-PC MINGW32 /e/BaiduNetdiskDownload/_git&&github/oa        (master)
$ ls
a.txt

user@user-PC MINGW32 /e/BaiduNetdiskDownload/_git&&github/oa        (master)
$ vim a.txt

user@user-PC MINGW32 /e/BaiduNetdiskDownload/_git&&github/oa        (master)
$

user@user-PC MINGW32 /e/BaiduNetdiskDownload/_git&&github/oa        (master)
$ vim a.txt
Z
user@user-PC MINGW32 /e/BaiduNetdiskDownload/_git&&github/oa (maste
$ git status    查看git状态（本地与git之间的状态）
.git/  a.txt

user@user-PC MINGW32 /e/BaiduNetdiskDownload/_git&&github/oa (maste
$ git status
.git/  a.txt

user@user-PC MINGW32 /e/BaiduNetdiskDownload/_git&&github/oa (maste
$ git status
On branch master

Initial commit

Untracked files:
  (use "git add <file>..." to include in what will be committed)

        a.txt

nothing added to commit but untracked files present (use "git add" to track)

user@user-PC MINGW32 /e/BaiduNetdiskDownload/_git&&github/oa (maste
$ git add a.txt   添加到git   

user@user-PC MINGW32 /e/BaiduNetdiskDownload/_git&&github/oa (maste
$

user@user-PC MINGW32 /e/BaiduNetdiskDownload/_git&&github/oa (maste
$ git status
On branch master

Initial commit

Changes to be committed:
  (use "git rm --cached <file>..." to unstage)

        new file:   a.txt


user@user-PC MINGW32 /e/BaiduNetdiskDownload/_git&&github/oa (maste
$ git commit "add 01" a.txt
error: pathspec 'add 01' did not match any file(s) known to git.

user@user-PC MINGW32 /e/BaiduNetdiskDownload/_git&&github/oa (maste
$ git commit -m "add 01" a.txt    提交（必须要有注释）
[master (root-commit) ddea879] add 01
 1 file changed, 0 insertions(+), 0 deletions(-)
 create mode 100644 a.txt

user@user-PC MINGW32 /e/BaiduNetdiskDownload/_git&&github/oa (maste
$ git status
On branch master
nothing to commit, working directory clean

user@user-PC MINGW32 /e/BaiduNetdiskDownload/_git&&github/oa (maste
$

user@user-PC MINGW32 /e/BaiduNetdiskDownload/_git&&github/oa (maste
$ vim a.txt

user@user-PC MINGW32 /e/BaiduNetdiskDownload/_git&&github/oa (maste
$ git status
On branch master
Changes not staged for commit:
  (use "git add <file>..." to update what will be committed)
  (use "git checkout -- <file>..." to discard changes in working directory)

        modified:   a.txt

no changes added to commit (use "git add" and/or "git commit -a")

user@user-PC MINGW32 /e/BaiduNetdiskDownload/_git&&github/oa (maste
$ git add a.txt
warning: LF will be replaced by CRLF in a.txt.
The file will have its original line endings in your working directory.

user@user-PC MINGW32 /e/BaiduNetdiskDownload/_git&&github/oa (maste
$ git status
warning: LF will be replaced by CRLF in a.txt.
The file will have its original line endings in your working directory.
On branch master
Changes to be committed:
  (use "git reset HEAD <file>..." to unstage)

        modified:   a.txt


user@user-PC MINGW32 /e/BaiduNetdiskDownload/_git&&github/oa (maste
$ git commit -m "modify"
[master warning: LF will be replaced by CRLF in a.txt.
The file will have its original line endings in your working directory.
b06d745] modify
warning: LF will be replaced by CRLF in a.txt.
The file will have its original line endings in your working directory.
 1 file changed, 1 insertion(+)

user@user-PC MINGW32 /e/BaiduNetdiskDownload/_git&&github/oa (maste
$ git status
On branch master
nothing to commit, working directory clean

user@user-PC MINGW32 /e/BaiduNetdiskDownload/_git&&github/oa (maste
$ git commit -m "modify" a.txt
On branch master
nothing to commit, working directory clean

user@user-PC MINGW32 /e/BaiduNetdiskDownload/_git&&github/oa (maste
$ vim a.txt

user@user-PC MINGW32 /e/BaiduNetdiskDownload/_git&&github/oa (maste
$

user@user-PC MINGW32 /e/BaiduNetdiskDownload/_git&&github/oa (maste
$ git status
On branch master
Changes not staged for commit:
  (use "git add <file>..." to update what will be committed)
  (use "git checkout -- <file>..." to discard changes in working directory)

        modified:   a.txt

no changes added to commit (use "git add" and/or "git commit -a")

user@user-PC MINGW32 /e/BaiduNetdiskDownload/_git&&github/oa (maste
$ git add a.txt
warning: LF will be replaced by CRLF in a.txt.
The file will have its original line endings in your working directory.

user@user-PC MINGW32 /e/BaiduNetdiskDownload/_git&&github/oa (maste
$ git commit -m "03" a.txt
warning: LF will be replaced by CRLF in a.txt.
The file will have its original line endings in your working directory.
[master warning: LF will be replaced by CRLF in a.txt.
The file will have its original line endings in your working directory.
59d41b9] 03
warning: LF will be replaced by CRLF in a.txt.
The file will have its original line endings in your working directory.
 1 file changed, 1 insertion(+)

user@user-PC MINGW32 /e/BaiduNetdiskDownload/_git&&github/oa (maste
$ git status
On branch master
nothing to commit, working directory clean

user@user-PC MINGW32 /e/BaiduNetdiskDownload/_git&&github/oa (maste
$ cat a.txt
11111111111111111
22222222222222222

user@user-PC MINGW32 /e/BaiduNetdiskDownload/_git&&github/oa (maste
$

user@user-PC MINGW32 /e/BaiduNetdiskDownload/_git&&github/oa (maste
$ git log a.txt  (查看提交的日志文件)
commit 59d41b9b0229798ece0ee8234246ccaa2d800385   版本号--哈希码
Author: test <test@126.com>
Date:   Sat Jul 22 19:56:27 2017 +0800

    03

commit b06d745a5ccd4bceabc467d20a47562b504c9c59
Author: test <test@126.com>
Date:   Sat Jul 22 19:55:06 2017 +0800

    modify

commit ddea879234b097c9c565c27e0309dae6cd270caa
Author: test <test@126.com>
Date:   Sat Jul 22 19:53:18 2017 +0800

    add 01

user@user-PC MINGW32 /e/BaiduNetdiskDownload/_git&&github/oa (maste
$ git log --pretty=oneline a.txt     （log如果过大，那么就让他一行显示）
59d41b9b0229798ece0ee8234246ccaa2d800385 03
b06d745a5ccd4bceabc467d20a47562b504c9c59 modify
ddea879234b097c9c565c27e0309dae6cd270caa add 01

user@user-PC MINGW32 /e/BaiduNetdiskDownload/_git&&github/oa (maste
$ vim a.txt

user@user-PC MINGW32 /e/BaiduNetdiskDownload/_git&&github/oa (maste
$

user@user-PC MINGW32 /e/BaiduNetdiskDownload/_git&&github/oa (maste
$ git status
On branch master
Changes not staged for commit:
  (use "git add <file>..." to update what will be committed)
  (use "git checkout -- <file>..." to discard changes in working directory)

        modified:   a.txt

no changes added to commit (use "git add" and/or "git commit -a")

user@user-PC MINGW32 /e/BaiduNetdiskDownload/_git&&github/oa (maste
$ git diff a.txt   （如果临时忘了改动了什么 ，那么用diff看看  工作空间和本地库的不同，以防提交后给别人找麻烦）
diff --git a/a.txt b/a.txt
index 71035d3..abbecff 100644
--- a/a.txt
+++ b/a.txt
@@ -1,2 +1,3 @@
 11111111111111111
 22222222222222222
+3333333333333333
warning: LF will be replaced by CRLF in a.txt.
The file will have its original line endings in your working directory.

user@user-PC MINGW32 /e/BaiduNetdiskDownload/_git&&github/oa (maste
$ git add a.txt
warning: LF will be replaced by CRLF in a.txt.
The file will have its original line endings in your working directory.

user@user-PC MINGW32 /e/BaiduNetdiskDownload/_git&&github/oa (maste
$ git commit -m  "ok" a.txt
warning: LF will be replaced by CRLF in a.txt.
The file will have its original line endings in your working directory.
[master warning: LF will be replaced by CRLF in a.txt.
The file will have its original line endings in your working directory.
30221a1] ok
warning: LF will be replaced by CRLF in a.txt.
The file will have its original line endings in your working directory.
 1 file changed, 1 insertion(+)

user@user-PC MINGW32 /e/BaiduNetdiskDownload/_git&&github/oa (maste
$ git status
On branch master
nothing to commit, working directory clean

user@user-PC MINGW32 /e/BaiduNetdiskDownload/_git&&github/oa (maste
$

user@user-PC MINGW32 /e/BaiduNetdiskDownload/_git&&github/oa (maste
$ vim a.txt

user@user-PC MINGW32 /e/BaiduNetdiskDownload/_git&&github/oa (maste
$ git status
On branch master
Changes not staged for commit:
  (use "git add <file>..." to update what will be committed)
  (use "git checkout -- <file>..." to discard changes in working directory)

        modified:   a.txt

no changes added to commit (use "git add" and/or "git commit -a")

user@user-PC MINGW32 /e/BaiduNetdiskDownload/_git&&github/oa (maste
$ git add a.txt
warning: LF will be replaced by CRLF in a.txt.
The file will have its original line endings in your working directory.

user@user-PC MINGW32 /e/BaiduNetdiskDownload/_git&&github/oa (maste
$ git status
warning: LF will be replaced by CRLF in a.txt.
The file will have its original line endings in your working directory.
On branch master
Changes to be committed:
  (use "git reset HEAD <file>..." to unstage)

        modified:   a.txt


user@user-PC MINGW32 /e/BaiduNetdiskDownload/_git&&github/oa (maste
$ git commit -m "aaa" a.txt
warning: LF will be replaced by CRLF in a.txt.
The file will have its original line endings in your working directory.
[master warning: LF will be replaced by CRLF in a.txt.
The file will have its original line endings in your working directory.
3ed0c59] aaa
warning: LF will be replaced by CRLF in a.txt.
The file will have its original line endings in your working directory.
 1 file changed, 2 insertions(+)

user@user-PC MINGW32 /e/BaiduNetdiskDownload/_git&&github/oa (maste
$ git status
On branch master
nothing to commit, working directory clean

user@user-PC MINGW32 /e/BaiduNetdiskDownload/_git&&github/oa (maste
$ cat a.txt
11111111111111111
22222222222222222
3333333333333333
4444444444444444444
555555555555555555555

user@user-PC MINGW32 /e/BaiduNetdiskDownload/_git&&github/oa (maste
$ git log --pretty=oneline a.txt
3ed0c59bffb61802d38d37f887cdcd62164be376 aaa
30221a1cfd0e29e370a8fa382e5443ff892177f4 ok
59d41b9b0229798ece0ee8234246ccaa2d800385 03
b06d745a5ccd4bceabc467d20a47562b504c9c59 modify
ddea879234b097c9c565c27e0309dae6cd270caa add 01

user@user-PC MINGW32 /e/BaiduNetdiskDownload/_git&&github/oa (maste
$

user@user-PC MINGW32 /e/BaiduNetdiskDownload/_git&&github/oa (maste
$ git reset --hard HEAD^    （版本回退   回退一步）
HEAD is now at 30221a1 ok      回退到的hash 和 注释

user@user-PC MINGW32 /e/BaiduNetdiskDownload/_git&&github/oa (maste
$ git status
On branch master
nothing to commit, working directory clean

user@user-PC MINGW32 /e/BaiduNetdiskDownload/_git&&github/oa (maste
$ vim a.txt

user@user-PC MINGW32 /e/BaiduNetdiskDownload/_git&&github/oa (maste
$ git log --pretty=oneline a.txt
30221a1cfd0e29e370a8fa382e5443ff892177f4 ok
59d41b9b0229798ece0ee8234246ccaa2d800385 03
b06d745a5ccd4bceabc467d20a47562b504c9c59 modify
ddea879234b097c9c565c27e0309dae6cd270caa add 01

user@user-PC MINGW32 /e/BaiduNetdiskDownload/_git&&github/oa (maste
$

user@user-PC MINGW32 /e/BaiduNetdiskDownload/_git&&github/oa (maste
$ git re
rebase         relink         repack         request-pull   revert
reflog         remote         replace        reset

user@user-PC MINGW32 /e/BaiduNetdiskDownload/_git&&github/oa (maste
$ git reset --hard HEAD 3     （回退3步）
fatal: Cannot do hard reset with paths.

user@user-PC MINGW32 /e/BaiduNetdiskDownload/_git&&github/oa (maste
$ git reset --hard HEAD3
fatal: ambiguous argument 'HEAD3': unknown revision or path not in the working tree.
Use '--' to separate paths from revisions, like this:
'git <command> [<revision>...] -- [<file>...]'

user@user-PC MINGW32 /e/BaiduNetdiskDownload/_git&&github/oa (maste
$ git reset --hard HEAD^^    几个^代表回退几步
HEAD is now at b06d745 modify

user@user-PC MINGW32 /e/BaiduNetdiskDownload/_git&&github/oa (maste
$ cat a.txt
11111111111111111

user@user-PC MINGW32 /e/BaiduNetdiskDownload/_git&&github/oa (maste
$ git log --pretty=oneline a.txt
b06d745a5ccd4bceabc467d20a47562b504c9c59 modify
ddea879234b097c9c565c27e0309dae6cd270caa add 01

user@user-PC MINGW32 /e/BaiduNetdiskDownload/_git&&github/oa (maste
$ git reflog a.txt    （查看文件的详细log  从诞生到现在的每一步操作）
b06d745 HEAD@{0}: reset: moving to HEAD^^
30221a1 HEAD@{1}: reset: moving to HEAD^
3ed0c59 HEAD@{2}: commit: aaa
30221a1 HEAD@{3}: commit: ok
59d41b9 HEAD@{4}: commit: 03
b06d745 HEAD@{5}: commit: modify
ddea879 HEAD@{6}: commit (initial): add 01

user@user-PC MINGW32 /e/BaiduNetdiskDownload/_git&&github/oa (maste
$ git reset --hard 3ed0c59   （恢复到某一个版本   参数是 reflog 后的hash）版本穿梭
HEAD is now at 3ed0c59 aaa

user@user-PC MINGW32 /e/BaiduNetdiskDownload/_git&&github/oa (maste
$ cat a.txt
11111111111111111
22222222222222222
3333333333333333
4444444444444444444
555555555555555555555


user@user-PC MINGW32 /e/BaiduNetdiskDownload/_git&&github/oa (maste
$ git reset --hard HEAD~3   （使用数字形式的回退版本   回退3步）
HEAD is now at b06d745 modify

user@user-PC MINGW32 /e/BaiduNetdiskDownload/_git&&github/oa (maste
$ cat a.txt
11111111111111111

user@user-PC MINGW32 /e/BaiduNetdiskDownload/_git&&github/oa (maste
$ git diff a.txt

user@user-PC MINGW32 /e/BaiduNetdiskDownload/_git&&github/oa (maste
$ git reflog a.txt
b06d745 HEAD@{0}: reset: moving to HEAD~3
3ed0c59 HEAD@{1}: reset: moving to 3ed0c59
b06d745 HEAD@{2}: reset: moving to HEAD^^
30221a1 HEAD@{3}: reset: moving to HEAD^
3ed0c59 HEAD@{4}: commit: aaa
30221a1 HEAD@{5}: commit: ok
59d41b9 HEAD@{6}: commit: 03
b06d745 HEAD@{7}: commit: modify
ddea879 HEAD@{8}: commit (initial): add 01

user@user-PC MINGW32 /e/BaiduNetdiskDownload/_git&&github/oa (maste
$ git reset --hard 3ed0c59    回退到某一个版本
HEAD is now at 3ed0c59 aaa

user@user-PC MINGW32 /e/BaiduNetdiskDownload/_git&&github/oa (maste
$ cat a.txt
11111111111111111
22222222222222222
3333333333333333
4444444444444444444
555555555555555555555

user@user-PC MINGW32 /e/BaiduNetdiskDownload/_git&&github/oa (maste
$ git status
On branch master
nothing to commit, working directory clean

user@user-PC MINGW32 /e/BaiduNetdiskDownload/_git&&github/oa (maste
$ vim a.txt     修改了但是没有 commit

user@user-PC MINGW32 /e/BaiduNetdiskDownload/_git&&github/oa (maste
$ cat a.txt
11111111111111111
22222222222222222
3333333333333333
4444444444444444444
555555555555555555555
6666666666666666666   多了一行666666666666   没有提交到本地库

user@user-PC MINGW32 /e/BaiduNetdiskDownload/_git&&github/oa (maste
$ git status
On branch master
Changes not staged for commit:
  (use "git add <file>..." to update what will be committed)   工作空间====》 git暂存区
  (use "git checkout -- <file>..." to discard changes in working directory)  撤销工作空间

        modified:   a.txt

no changes added to commit (use "git add" and/or "git commit -a")

user@user-PC MINGW32 /e/BaiduNetdiskDownload/_git&&github/oa (maste
$ git checkout --f  a.txt  使用checkout进行版本回撤

user@user-PC MINGW32 /e/BaiduNetdiskDownload/_git&&github/oa (maste
$ cat a.txt
11111111111111111
22222222222222222
3333333333333333
4444444444444444444
555555555555555555555


user@user-PC MINGW32 /e/BaiduNetdiskDownload/_git&&github/oa (maste
$ git checkout -- a.txt

user@user-PC MINGW32 /e/BaiduNetdiskDownload/_git&&github/oa (maste
$ git status
On branch master
nothing to commit, working directory clean

user@user-PC MINGW32 /e/BaiduNetdiskDownload/_git&&github/oa (maste
$ cat a.txt
11111111111111111
22222222222222222
3333333333333333
4444444444444444444
555555555555555555555

user@user-PC MINGW32 /e/BaiduNetdiskDownload/_git&&github/oa (maste
$ vim a.txt

user@user-PC MINGW32 /e/BaiduNetdiskDownload/_git&&github/oa (maste
$ git add a.txt

user@user-PC MINGW32 /e/BaiduNetdiskDownload/_git&&github/oa (maste
$ git reset --hard HEAD^
HEAD is now at 30221a1 ok

user@user-PC MINGW32 /e/BaiduNetdiskDownload/_git&&github/oa (maste
$ cat a.txt
11111111111111111
22222222222222222
3333333333333333

user@user-PC MINGW32 /e/BaiduNetdiskDownload/_git&&github/oa (maste
$ git reset --hard 3ed0c59
HEAD is now at 3ed0c59 aaa

user@user-PC MINGW32 /e/BaiduNetdiskDownload/_git&&github/oa (maste
$ cat a.txt
11111111111111111
22222222222222222
3333333333333333
4444444444444444444
555555555555555555555

user@user-PC MINGW32 /e/BaiduNetdiskDownload/_git&&github/oa (maste
$ vim a.txt

user@user-PC MINGW32 /e/BaiduNetdiskDownload/_git&&github/oa (maste
$ git commit -m "00006" a.txt
[master 8aa6658] 00006
 1 file changed, 2 insertions(+), 1 deletion(-)

user@user-PC MINGW32 /e/BaiduNetdiskDownload/_git&&github/oa (maste
$ git status
On branch master
nothing to commit, working directory clean

user@user-PC MINGW32 /e/BaiduNetdiskDownload/_git&&github/oa (maste
$ cat a.txt
11111111111111111
22222222222222222
3333333333333333
4444444444444444444
55555555555555555555
666666666666666666

user@user-PC MINGW32 /e/BaiduNetdiskDownload/_git&&github/oa (maste
$

user@user-PC MINGW32 /e/BaiduNetdiskDownload/_git&&github/oa (maste
$ vim a.txt

user@user-PC MINGW32 /e/BaiduNetdiskDownload/_git&&github/oa (maste
$ git  commit -m "update 07" a.txt
[master 6c4c8b1] update 07
 1 file changed, 1 insertion(+)

user@user-PC MINGW32 /e/BaiduNetdiskDownload/_git&&github/oa (maste
$ git status
On branch master
nothing to commit, working directory clean

user@user-PC MINGW32 /e/BaiduNetdiskDownload/_git&&github/oa (maste
$ touch b.txt

user@user-PC MINGW32 /e/BaiduNetdiskDownload/_git&&github/oa (maste
$

user@user-PC MINGW32 /e/BaiduNetdiskDownload/_git&&github/oa (maste
$ git add  b.txt

user@user-PC MINGW32 /e/BaiduNetdiskDownload/_git&&github/oa (maste
$ git rm -rf b.txt         删除git下的文件
rm 'b.txt'

user@user-PC MINGW32 /e/BaiduNetdiskDownload/_git&&github/oa (maste
$ ls
a.txt

user@user-PC MINGW32 /e/BaiduNetdiskDownload/_git&&github/oa (maste
$ git status
On branch master
nothing to commit, working directory clean


user@user-PC MINGW32 /e/BaiduNetdiskDownload/_git&&github/oa (maste
$ git branch
* master

user@user-PC MINGW32 /e/BaiduNetdiskDownload/_git&&github/oa (maste
$ git branch dev   创建分支

user@user-PC MINGW32 /e/BaiduNetdiskDownload/_git&&github/oa (maste
$ git branch  查看分支
  dev
* master

user@user-PC MINGW32 /e/BaiduNetdiskDownload/_git&&github/oa (maste
$ git checkout dev   切换分支
Switched to branch 'dev'

user@user-PC MINGW32 /e/BaiduNetdiskDownload/_git&&github/oa (dev)
$ git branch
* dev
  master

user@user-PC MINGW32 /e/BaiduNetdiskDownload/_git&&github/oa (dev)
$ vim a.txt

user@user-PC MINGW32 /e/BaiduNetdiskDownload/_git&&github/oa (dev)
$ git add a.txt

user@user-PC MINGW32 /e/BaiduNetdiskDownload/_git&&github/oa (dev)
$ git commit a.txt -m "dev update 01"
[dev cfc7d30] dev update 01
 1 file changed, 1 insertion(+), 1 deletion(-)

user@user-PC MINGW32 /e/BaiduNetdiskDownload/_git&&github/oa (dev)
$ git status
On branch dev
nothing to commit, working directory clean

user@user-PC MINGW32 /e/BaiduNetdiskDownload/_git&&github/oa (dev)
$ cat a.txt
11111111111111111
22222222222222222
3333333333333333
4444444444444444444
55555555555555555555
666666666666666666
dev uodata01

user@user-PC MINGW32 /e/BaiduNetdiskDownload/_git&&github/oa (dev)
$ git checkout master   切换分支
Switched to branch 'master'

user@user-PC MINGW32 /e/BaiduNetdiskDownload/_git&&github/oa (maste
$ cat a.txt
11111111111111111
22222222222222222
3333333333333333
4444444444444444444
55555555555555555555
666666666666666666
77777777777777777

user@user-PC MINGW32 /e/BaiduNetdiskDownload/_git&&github/oa (maste
$

user@user-PC MINGW32 /e/BaiduNetdiskDownload/_git&&github/oa (maste
$ git merge dev   合并dev分支上的内容到master   因为你在master上进行的操作，所以是往master上合并
Updating 6c4c8b1..cfc7d30
Fast-forward
 a.txt | 2 +-
 1 file changed, 1 insertion(+), 1 deletion(-)

user@user-PC MINGW32 /e/BaiduNetdiskDownload/_git&&github/oa (maste
$ git status
On branch master
nothing to commit, working directory clean

user@user-PC MINGW32 /e/BaiduNetdiskDownload/_git&&github/oa (maste
$ cat a.txt
11111111111111111
22222222222222222
3333333333333333
4444444444444444444
55555555555555555555
666666666666666666
dev uodata01

user@user-PC MINGW32 /e/BaiduNetdiskDownload/_git&&github/oa (maste
$ git reset --hard HEAD^
HEAD is now at 6c4c8b1 update 07

user@user-PC MINGW32 /e/BaiduNetdiskDownload/_git&&github/oa (maste
$ cat a.txt
11111111111111111
22222222222222222
3333333333333333
4444444444444444444
55555555555555555555
666666666666666666
77777777777777777

user@user-PC MINGW32 /e/BaiduNetdiskDownload/_git&&github/oa (maste
$ git checkout dev
Switched to branch 'dev'

user@user-PC MINGW32 /e/BaiduNetdiskDownload/_git&&github/oa (dev)
$ cat a.txt
11111111111111111
22222222222222222
3333333333333333
4444444444444444444
55555555555555555555
666666666666666666
dev uodata01

user@user-PC MINGW32 /e/BaiduNetdiskDownload/_git&&github/oa (dev)
$

user@user-PC MINGW32 /e/BaiduNetdiskDownload/_git&&github/oa (dev)
$ vim a.txt

user@user-PC MINGW32 /e/BaiduNetdiskDownload/_git&&github/oa (dev)
$

user@user-PC MINGW32 /e/BaiduNetdiskDownload/_git&&github/oa (dev)
$ git commit -m "update02" a.txt
[dev 6d19f94] update02
 1 file changed, 1 insertion(+)

user@user-PC MINGW32 /e/BaiduNetdiskDownload/_git&&github/oa (dev)
$ git checkout master
Switched to branch 'master'

user@user-PC MINGW32 /e/BaiduNetdiskDownload/_git&&github/oa (maste
$ cat a.txt
11111111111111111
22222222222222222
3333333333333333
4444444444444444444
55555555555555555555
666666666666666666
77777777777777777

user@user-PC MINGW32 /e/BaiduNetdiskDownload/_git&&github/oa (maste
$ vim a.txt

user@user-PC MINGW32 /e/BaiduNetdiskDownload/_git&&github/oa (maste
$ git add  a.txt

user@user-PC MINGW32 /e/BaiduNetdiskDownload/_git&&github/oa (maste
$ git commit -m "ddfsaf" a.txt
[master d79239d] ddfsaf
 1 file changed, 1 insertion(+)

user@user-PC MINGW32 /e/BaiduNetdiskDownload/_git&&github/oa (maste
$ git merge dev   产生冲突了（冲突有三种 内容冲突，逻辑冲突，树冲突）    造成了版本控制的冲突后需要尽快的解决，否则别人也是没法用的
Auto-merging a.txt
CONFLICT (content): Merge conflict in a.txt
Automatic merge failed; fix conflicts and then commit the result.

user@user-PC MINGW32 /e/BaiduNetdiskDownload/_git&&github/oa (maste
$ cat a.txt      需要手动干预
11111111111111111
22222222222222222
3333333333333333
4444444444444444444
55555555555555555555
666666666666666666
<<<<<<< HEAD
77777777777777777
master deletre
=======
dev uodata01
dev update02
>>>>>>> dev

user@user-PC MINGW32 /e/BaiduNetdiskDownload/_git&&github/oa (maste
$ git add a.txt


user@user-PC MINGW32 /e/BaiduNetdiskDownload/_git&&github/oa (maste
$ git commit -m "conflict fixed"
[master 10b1cc4] conflict fixed

user@user-PC MINGW32 /e/BaiduNetdiskDownload/_git&&github/oa (maste
$ cat a.txt
11111111111111111
22222222222222222
3333333333333333
4444444444444444444
55555555555555555555
666666666666666666
77777777777777777
master deletre
dev uodata01
dev update02

user@user-PC MINGW32 /e/BaiduNetdiskDownload/_git&&github/oa (maste
$ git checkout dev    
Switched to branch 'dev'

user@user-PC MINGW32 /e/BaiduNetdiskDownload/_git&&github/oa (dev)
$ git branch -d dev   删除dev分支
error: Cannot delete the branch 'dev' which you are currently on.

user@user-PC MINGW32 /e/BaiduNetdiskDownload/_git&&github/oa (dev)
$ git checkout master
Switched to branch 'master'

user@user-PC MINGW32 /e/BaiduNetdiskDownload/_git&&github/oa (master)
$ git branch
  dev
* master

user@user-PC MINGW32 /e/BaiduNetdiskDownload/_git&&github/oa (master)
$ git branch -d dev  删除dev分支
Deleted branch dev (was 6d19f94).

user@user-PC MINGW32 /e/BaiduNetdiskDownload/_git&&github/oa (master)
$ git branch
* master

user@user-PC MINGW32 /e/BaiduNetdiskDownload/_git&&github/oa (master)
$ git checkout -b test   新建加切换分支   -b 表示build
Switched to a new branch 'test'

user@user-PC MINGW32 /e/BaiduNetdiskDownload/_git&&github/oa (test)
$ git branch
  master
* test

user@user-PC MINGW32 /e/BaiduNetdiskDownload/_git&&github/oa (test)
$ git checkout master
Switched to branch 'master'

user@user-PC MINGW32 /e/BaiduNetdiskDownload/_git&&github/oa (master)
$ git branch -d test
Deleted branch test (was 10b1cc4).

user@user-PC MINGW32 /e/BaiduNetdiskDownload/_git&&github/oa (master)


user@user-PC MINGW32 /e/BaiduNetdiskDownload/_git&&github/oa (master)
$ ssh-keygen -t rsa -C cherish_DHL@126.com      秘钥的生成
Generating public/private rsa key pair.
Enter file in which to save the key (/c/Users/user/.ssh/id_rsa):
Created directory '/c/Users/user/.ssh'.
Enter passphrase (empty for no passphrase):
Enter same passphrase again:
Your identification has been saved in /c/Users/user/.ssh/id_rsa.
Your public key has been saved in /c/Users/user/.ssh/id_rsa.pub.
The key fingerprint is:
SHA256:JxYdXkE+0hWS+WplrrLBWAxXJyQuNC9HdC+y1f8INxM cherish_DHL@126.com
The key's randomart image is:
+---[RSA 2048]----+
|        o.=oX++. |
|       . B OoB   |
|        = X *.E  |
|         O = o+o |
|        S = .=+ .|
|       . *  oo.+.|
|        . o. .. .|
|          ...    |
|          .o     |
+----[SHA256]-----+


测试与GitHub的连通性（之前需要进行秘钥的生成）
user@user-PC MINGW32 /e/BaiduNetdiskDownload/_git&&github/oa (master)
$ ssh -T git@github.com
The authenticity of host 'github.com (192.30.255.112)' can't be established.
RSA key fingerprint is SHA256:nThbg6kXUpJWGl7E1IGOCspRomTxdCARLviKw6E5SY8.
Are you sure you want to continue connecting (yes/no)?
Host key verification failed.


user@user-PC MINGW32 /e/BaiduNetdiskDownload/_git&&github/oa (master)
$ ssh -T git@github.com
The authenticity of host 'github.com (192.30.255.112)' can't be established.
RSA key fingerprint is SHA256:nThbg6kXUpJWGl7E1IGOCspRomTxdCARLviKw6E5SY8.
Are you sure you want to continue connecting (yes/no)? yes
Warning: Permanently added 'github.com,192.30.255.112' (RSA) to the list of known hosts.
Hi cherish-DHL! You've successfully authenticated, but GitHub does not provide shell access.

user@user-PC MINGW32 /e/BaiduNetdiskDownload/_git&&github/oa (master)
$
 
与github远程进行操作
user@user-PC MINGW32 /e/BaiduNetdiskDownload/_git&&github/oa (master)
$ cat a.txt
11111111111111111
22222222222222222
3333333333333333
4444444444444444444
55555555555555555555
666666666666666666
77777777777777777
master deletre
dev uodata01
dev update02

user@user-PC MINGW32 /e/BaiduNetdiskDownload/_git&&github/oa (master)
$

user@user-PC MINGW32 /e/BaiduNetdiskDownload/_git&&github/oa (master)
$ vim a.txt

user@user-PC MINGW32 /e/BaiduNetdiskDownload/_git&&github/oa (master)
$ git add a.txt

user@user-PC MINGW32 /e/BaiduNetdiskDownload/_git&&github/oa (master)
$ git status
On branch master
Your branch is up-to-date with 'origin/master'.
Changes to be committed:
  (use "git reset HEAD <file>..." to unstage)

        modified:   a.txt


user@user-PC MINGW32 /e/BaiduNetdiskDownload/_git&&github/oa (master)
$ git commit -m "update file 07"
[master a832f45] update file 07
 1 file changed, 2 insertions(+)

user@user-PC MINGW32 /e/BaiduNetdiskDownload/_git&&github/oa (master)
$ git status
On branch master
Your branch is ahead of 'origin/master' by 1 commit.
  (use "git push" to publish your local commits)
nothing to commit, working directory clean

user@user-PC MINGW32 /e/BaiduNetdiskDownload/_git&&github/oa (master)
$ git push origin master
Counting objects: 3, done.
Delta compression using up to 4 threads.
Compressing objects: 100% (2/2), done.
Writing objects: 100% (3/3), 269 bytes | 0 bytes/s, done.
Total 3 (delta 1), reused 0 (delta 0)
remote: Resolving deltas: 100% (1/1), completed with 1 local object.
To https://github.com/cherish-DHL/oa.git
   10b1cc4..a832f45  master -> master

 从服务器上拉取数据
 $ git pull origin master
remote: Counting objects: 3, done.
remote: Compressing objects: 100% (2/2), done.
remote: Total 3 (delta 1), reused 0 (delta 0), pack-reused 0
Unpacking objects: 100% (3/3), done.
From https://github.com/cherish-DHL/oa
 * branch            master     -> FETCH_HEAD
   a832f45..4407c52  master     -> origin/master
Updating a832f45..4407c52
Fast-forward
 a.txt | 2 +-
 1 file changed, 1 insertion(+), 1 deletion(-)


